vite v8.0.16 building client environment for production...
[2Ktransforming...✓ 222 modules transformed.
rendering chunks...
computing gzip size...
.output/public/assets/app-7JcJ-etV.css             47.01 kB │ gzip:   9.34 kB
.output/public/assets/status-ui-BXjuuHSi.js         0.23 kB │ gzip:   0.17 kB
.output/public/assets/format-Dqd9rcnD.js            0.29 kB │ gzip:   0.19 kB
.output/public/assets/textarea-B78evZO_.js          0.48 kB │ gzip:   0.32 kB
.output/public/assets/utils-DKqzRCqM.js             0.60 kB │ gzip:   0.35 kB
.output/public/assets/select-CBcr5mmd.js            0.69 kB │ gzip:   0.42 kB
.output/public/assets/table-BptvIBiY.js             0.95 kB │ gzip:   0.40 kB
.output/public/assets/badge-Dbj8KK8-.js             1.03 kB │ gzip:   0.52 kB
.output/public/assets/vehicles-By6AJyA8.js          1.97 kB │ gzip:   0.83 kB
.output/public/assets/reset-password-BzxgGSbX.js    2.45 kB │ gzip:   1.02 kB
.output/public/assets/users-BbODF8LO.js             2.74 kB │ gzip:   1.07 kB
.output/public/assets/login-BBKqOo9W.js             3.82 kB │ gzip:   1.27 kB
.output/public/assets/4-B4ki3ajS.js                 3.89 kB │ gzip:   1.34 kB
.output/public/assets/leads-BEOgxV1Y.js             4.13 kB │ gzip:   1.73 kB
.output/public/assets/lead._id-C0VHpnf9.js          4.54 kB │ gzip:   1.68 kB
.output/public/assets/jobs-DOqCvVcQ.js              4.70 kB │ gzip:   1.82 kB
.output/public/assets/2-BapimInQ.js                 4.85 kB │ gzip:   1.64 kB
.output/public/assets/finance-qw12fUWM.js           5.13 kB │ gzip:   1.80 kB
.output/public/assets/checkin-CO2r9g4G.js           5.41 kB │ gzip:   1.97 kB
.output/public/assets/3-DsnT7ZOR.js                 5.95 kB │ gzip:   2.17 kB
.output/public/assets/5-6oKc0YzN.js                 6.12 kB │ gzip:   1.96 kB
.output/public/assets/orders-DgFg9-nc.js            6.52 kB │ gzip:   2.43 kB
.output/public/assets/1-tD4jNJmh.js                 6.63 kB │ gzip:   2.08 kB
.output/public/assets/customer._id-MQFHtcDC.js      6.64 kB │ gzip:   2.05 kB
.output/public/assets/useRouter-Cox3-v4z.js         8.49 kB │ gzip:   3.24 kB
.output/public/assets/order._id-BS258bAN.js         8.55 kB │ gzip:   2.55 kB
.output/public/assets/customers-CAH92zwv.js        10.03 kB │ gzip:   3.15 kB
.output/public/assets/parts-s3nLlorQ.js            10.12 kB │ gzip:   3.23 kB
.output/public/assets/routes-fzMT_ev0.js           10.44 kB │ gzip:   3.12 kB
.output/public/assets/appointments-CYnc9vvp.js     13.02 kB │ gzip:   4.15 kB
.output/public/assets/inventory-BzUmZcq4.js        13.25 kB │ gzip:   3.38 kB
.output/public/assets/link-1F1opMu9.js             26.24 kB │ gzip:   9.65 kB
.output/public/assets/job._id-CTa4BzPe.js          27.56 kB │ gzip:   5.90 kB
.output/public/assets/utils-Dj9YtrFG.js            27.85 kB │ gzip:   8.95 kB
.output/public/assets/index-D2ob6lXj.js           378.10 kB │ gzip: 117.65 kB

✗ Build failed in 5.25s
error during build:
Build failed with 1 error:

Error: [vite+]: Rolldown failed to resolve import "convex/browser" from "/tmp/opencode/wt/t1/node_modules/@convex-dev/auth/dist/react/index.js".
This is most likely unintended because it can break your application at runtime.
If you do want to externalize this module explicitly add it to
`build.rolldownOptions.external`
    at viteLog (file:///home/abasiono/.vite-plus/0.2.1/node_modules/.pnpm/@voidzero-dev+vite-plus-core@0.2.1/node_modules/@voidzero-dev/vite-plus-core/dist/vite/node/chunks/node.js:38920:57)
    at file:///home/abasiono/.vite-plus/0.2.1/node_modules/.pnpm/@voidzero-dev+vite-plus-core@0.2.1/node_modules/@voidzero-dev/vite-plus-core/dist/vite/node/chunks/node.js:38956:71
    at onwarn (file:///tmp/opencode/wt/t1/node_modules/@vitejs/plugin-react/dist/index.js:40:7)
    at file:///home/abasiono/.vite-plus/0.2.1/node_modules/.pnpm/@voidzero-dev+vite-plus-core@0.2.1/node_modules/@voidzero-dev/vite-plus-core/dist/vite/node/chunks/node.js:38956:28
    at onRollupLog (file:///home/abasiono/.vite-plus/0.2.1/node_modules/.pnpm/@voidzero-dev+vite-plus-core@0.2.1/node_modules/@voidzero-dev/vite-plus-core/dist/vite/node/chunks/node.js:38951:63)
    at onLog (file:///home/abasiono/.vite-plus/0.2.1/node_modules/.pnpm/@voidzero-dev+vite-plus-core@0.2.1/node_modules/@voidzero-dev/vite-plus-core/dist/vite/node/chunks/node.js:38720:4)
    at file:///home/abasiono/.vite-plus/0.2.1/node_modules/.pnpm/@voidzero-dev+vite-plus-core@0.2.1/node_modules/@voidzero-dev/vite-plus-core/dist/rolldown/shared/rolldown-build-D8R4Zzfy.mjs:50:26
    at logger (file:///home/abasiono/.vite-plus/0.2.1/node_modules/.pnpm/@voidzero-dev+vite-plus-core@0.2.1/node_modules/@voidzero-dev/vite-plus-core/dist/rolldown/shared/rolldown-build-D8R4Zzfy.mjs:41:3)
    at aggregateBindingErrorsIntoJsError (file:///home/abasiono/.vite-plus/0.2.1/node_modules/.pnpm/@voidzero-dev+vite-plus-core@0.2.1/node_modules/@voidzero-dev/vite-plus-core/dist/rolldown/shared/error-C0TrL0_H.mjs:48:18)
    at unwrapBindingResult (file:///home/abasiono/.vite-plus/0.2.1/node_modules/.pnpm/@voidzero-dev+vite-plus-core@0.2.1/node_modules/@voidzero-dev/vite-plus-core/dist/rolldown/shared/error-C0TrL0_H.mjs:18:128)
    at #build (file:///home/abasiono/.vite-plus/0.2.1/node_modules/.pnpm/@voidzero-dev+vite-plus-core@0.2.1/node_modules/@voidzero-dev/vite-plus-core/dist/rolldown/shared/rolldown-build-D8R4Zzfy.mjs:3288:34)
    at async buildEnvironment (file:///home/abasiono/.vite-plus/0.2.1/node_modules/.pnpm/@voidzero-dev+vite-plus-core@0.2.1/node_modules/@voidzero-dev/vite-plus-core/dist/vite/node/chunks/node.js:38827:64)
    at async Object.build (file:///home/abasiono/.vite-plus/0.2.1/node_modules/.pnpm/@voidzero-dev+vite-plus-core@0.2.1/node_modules/@voidzero-dev/vite-plus-core/dist/vite/node/chunks/node.js:39249:19)
    at async buildStartViteEnvironments (file:///tmp/opencode/wt/t1/node_modules/@tanstack/start-plugin-core/dist/esm/vite/planning.js:95:23)
    at async Object.buildApp (file:///tmp/opencode/wt/t1/node_modules/@tanstack/start-plugin-core/dist/esm/vite/plugin.js:113:8)
    at async Object.buildApp (file:///home/abasiono/.vite-plus/0.2.1/node_modules/.pnpm/@voidzero-dev+vite-plus-core@0.2.1/node_modules/@voidzero-dev/vite-plus-core/dist/vite/node/chunks/node.js:39241:6)
    at async CAC.<anonymous> (file:///home/abasiono/.vite-plus/0.2.1/node_modules/.pnpm/@voidzero-dev+vite-plus-core@0.2.1/node_modules/@voidzero-dev/vite-plus-core/dist/vite/node/cli.js:777:3) {
  errors: [Getter/Setter]
}
exit:0
