$ vp build
vite v8.0.16 building client environment for production...
[2Ktransforming...✓ 273 modules transformed.
rendering chunks...
computing gzip size...
.output/public/assets/app-C_f-_Jhv.css              48.67 kB │ gzip:   9.52 kB
.output/public/assets/useRouter-BYURwv8V.js          0.15 kB │ gzip:   0.14 kB
.output/public/assets/status-ui-BXjuuHSi.js          0.23 kB │ gzip:   0.17 kB
.output/public/assets/format-Dqd9rcnD.js             0.29 kB │ gzip:   0.19 kB
.output/public/assets/textarea-C4vZ8PhU.js           0.48 kB │ gzip:   0.32 kB
.output/public/assets/utils-Cxno7cNB.js              0.60 kB │ gzip:   0.35 kB
.output/public/assets/select-C7tYj_O5.js             0.69 kB │ gzip:   0.43 kB
.output/public/assets/table-BPOwI420.js              0.95 kB │ gzip:   0.41 kB
.output/public/assets/badge-BBmnPmxA.js              1.03 kB │ gzip:   0.53 kB
.output/public/assets/verify-2fa-DxXV-FAG.js         1.36 kB │ gzip:   0.76 kB
.output/public/assets/change-password-BJX0hvTL.js    1.95 kB │ gzip:   0.87 kB
.output/public/assets/vehicles-DLeJl4mo.js           2.00 kB │ gzip:   0.84 kB
.output/public/assets/reset-password-D8yUf8iB.js     2.49 kB │ gzip:   1.04 kB
.output/public/assets/login-DcrdtILg.js              3.85 kB │ gzip:   1.29 kB
.output/public/assets/4-BsVPHuwu.js                  3.89 kB │ gzip:   1.34 kB
.output/public/assets/leads-BXzqXFYR.js              4.18 kB │ gzip:   1.76 kB
.output/public/assets/users-CzQ15Wdb.js              4.28 kB │ gzip:   1.65 kB
.output/public/assets/security-CdFRRhBE.js           4.55 kB │ gzip:   1.52 kB
.output/public/assets/lead._id-DBfK9sZR.js           4.59 kB │ gzip:   1.71 kB
.output/public/assets/jobs--dh-_gga.js               4.72 kB │ gzip:   1.83 kB
.output/public/assets/2-CdXJv48I.js                  4.84 kB │ gzip:   1.64 kB
.output/public/assets/finance-ChqzbGTa.js            5.17 kB │ gzip:   1.83 kB
.output/public/assets/checkin-BGoAE5vd.js            5.46 kB │ gzip:   2.00 kB
.output/public/assets/3-KbHoHVqj.js                  5.95 kB │ gzip:   2.17 kB
.output/public/assets/queries-lvke-LT9.js            6.08 kB │ gzip:   1.64 kB
.output/public/assets/5-C5NbO5dP.js                  6.11 kB │ gzip:   1.96 kB
.output/public/assets/orders-CkqR230f.js             6.58 kB │ gzip:   2.45 kB
.output/public/assets/1-DsEc9QjU.js                  6.63 kB │ gzip:   2.08 kB
.output/public/assets/customer._id-DntLeZtR.js       6.68 kB │ gzip:   2.08 kB
.output/public/assets/jsx-runtime-n5LQ9ujS.js        8.53 kB │ gzip:   3.26 kB
.output/public/assets/order._id-TC7j1c6A.js          8.61 kB │ gzip:   2.57 kB
.output/public/assets/customers-BJpIeSTv.js          9.91 kB │ gzip:   3.17 kB
.output/public/assets/routes-SnTxmT0X.js            10.45 kB │ gzip:   3.13 kB
.output/public/assets/inventory-X59DFrMz.js         13.63 kB │ gzip:   3.54 kB
.output/public/assets/appointments-xwewTpa5.js      13.85 kB │ gzip:   4.42 kB
.output/public/assets/parts-DhziLe6b.js             15.79 kB │ gzip:   4.65 kB
.output/public/assets/api-BrHOISqP.js               16.77 kB │ gzip:   5.70 kB
.output/public/assets/link-Dhpkumq8.js              26.28 kB │ gzip:   9.67 kB
.output/public/assets/job._id-CK-XZ3UV.js           27.62 kB │ gzip:   5.92 kB
.output/public/assets/utils-Dj9YtrFG.js             27.85 kB │ gzip:   8.95 kB
.output/public/assets/client-Bcm7JN2A.js            71.87 kB │ gzip:  19.80 kB
.output/public/assets/index-pfBt8GGa.js            363.67 kB │ gzip: 113.80 kB

[33m[PLUGIN_TIMINGS] [0mYour build spent significant time in plugins. Here is a breakdown:
  - tanstack-start-core:import-protection (59%)
  - tanstack-start-core:import-protection-transform-cache (25%)
  - tanstack-router:code-splitter:compile-reference-file (9%)
  - tanstack-router:code-splitter:compile-virtual-file (4%)
See https://rolldown.rs/options/checks#plugintimings for more details.

✓ built in 4.18s
vite v8.0.16 building ssr environment for production...
[2Ktransforming...✓ 118 modules transformed.
rendering chunks...
computing gzip size...
node_modules/.nitro/vite/services/ssr/assets/app-C_f-_Jhv.css                        48.67 kB │ gzip:  9.52 kB
node_modules/.nitro/vite/services/ssr/assets/start-5Z2QO8AU.js                        0.14 kB │ gzip:  0.13 kB
node_modules/.nitro/vite/services/ssr/assets/utils-OyjWw23L.js                        0.18 kB │ gzip:  0.14 kB
node_modules/.nitro/vite/services/ssr/assets/empty-plugin-adapters-D9UWiqvJ.js        0.22 kB │ gzip:  0.16 kB
node_modules/.nitro/vite/services/ssr/assets/auth-BHeVgavJ.js                         0.29 kB │ gzip:  0.19 kB
node_modules/.nitro/vite/services/ssr/assets/lead._id-y8g9Wdyc.js                     0.34 kB │ gzip:  0.22 kB
node_modules/.nitro/vite/services/ssr/assets/job._id-CtDNVrZU.js                      0.34 kB │ gzip:  0.22 kB
node_modules/.nitro/vite/services/ssr/assets/order._id-CKHaZ5eh.js                    0.34 kB │ gzip:  0.22 kB
node_modules/.nitro/vite/services/ssr/assets/Loader-D3EQcPVE.js                       0.35 kB │ gzip:  0.25 kB
node_modules/.nitro/vite/services/ssr/assets/customer._id-BIQ5llbI.js                 0.35 kB │ gzip:  0.23 kB
node_modules/.nitro/vite/services/ssr/assets/label-DME9KlGP.js                        0.38 kB │ gzip:  0.28 kB
node_modules/.nitro/vite/services/ssr/assets/leads-DnVHEMth.js                        0.39 kB │ gzip:  0.25 kB
node_modules/.nitro/vite/services/ssr/assets/status-ui-BXxbBuPv.js                    0.39 kB │ gzip:  0.25 kB
node_modules/.nitro/vite/services/ssr/assets/jobs-RTTbVK7N.js                         0.39 kB │ gzip:  0.25 kB
node_modules/.nitro/vite/services/ssr/assets/inventory-B97QxPCb.js                    0.40 kB │ gzip:  0.25 kB
node_modules/.nitro/vite/services/ssr/assets/customers-C1eDnqAK.js                    0.40 kB │ gzip:  0.25 kB
node_modules/.nitro/vite/services/ssr/assets/api-GMNQoNoA.js                          0.44 kB │ gzip:  0.30 kB
node_modules/.nitro/vite/services/ssr/assets/format-Kc-5lS8-.js                       0.46 kB │ gzip:  0.25 kB
node_modules/.nitro/vite/services/ssr/assets/input-CX870fQe.js                        0.57 kB │ gzip:  0.38 kB
node_modules/.nitro/vite/services/ssr/assets/textarea-CrQHCH19.js                     0.59 kB │ gzip:  0.38 kB
node_modules/.nitro/vite/services/ssr/assets/parts-kdNzrOoe.js                        0.65 kB │ gzip:  0.36 kB
node_modules/.nitro/vite/services/ssr/assets/card-DIXlT7Xg.js                         0.85 kB │ gzip:  0.35 kB
node_modules/.nitro/vite/services/ssr/assets/select-C2WL5YhB.js                       0.88 kB │ gzip:  0.51 kB
node_modules/.nitro/vite/services/ssr/assets/enums-DlrHud5O.js                        0.92 kB │ gzip:  0.43 kB
node_modules/.nitro/vite/services/ssr/assets/Avatar-nFAbCTVu.js                       0.93 kB │ gzip:  0.59 kB
node_modules/.nitro/vite/services/ssr/assets/badge-sf2TMpr9.js                        1.28 kB │ gzip:  0.64 kB
node_modules/.nitro/vite/services/ssr/assets/button-Ybh41ULA.js                       1.31 kB │ gzip:  0.68 kB
node_modules/.nitro/vite/services/ssr/assets/table-DM7va4oR.js                        1.37 kB │ gzip:  0.50 kB
node_modules/.nitro/vite/services/ssr/assets/verify-2fa-Dbv2Qdyw.js                   2.40 kB │ gzip:  1.02 kB
node_modules/.nitro/vite/services/ssr/assets/change-password-Cpahcm1s.js              3.52 kB │ gzip:  1.18 kB
node_modules/.nitro/vite/services/ssr/assets/vehicles-DRJ7kHoT.js                     3.55 kB │ gzip:  1.14 kB
node_modules/.nitro/vite/services/ssr/assets/reset-password-CxIMe9sr.js               4.13 kB │ gzip:  1.33 kB
node_modules/.nitro/vite/services/ssr/assets/4-DjNnu9iO.js                            5.79 kB │ gzip:  1.66 kB
node_modules/.nitro/vite/services/ssr/assets/orders-CnqYXBPL.js                       5.91 kB │ gzip:  1.90 kB
node_modules/.nitro/vite/services/ssr/assets/login-BDuQ2bw9.js                        6.33 kB │ gzip:  1.65 kB
node_modules/.nitro/vite/services/ssr/assets/_tanstack-start-manifest_v-DKoIVlrN.js   6.58 kB │ gzip:  1.25 kB
node_modules/.nitro/vite/services/ssr/assets/leads-D_8J8LId.js                        7.30 kB │ gzip:  2.31 kB
node_modules/.nitro/vite/services/ssr/assets/2-Mw6F_kuJ.js                            7.32 kB │ gzip:  2.03 kB
node_modules/.nitro/vite/services/ssr/assets/icons-4ZXW6wfA.js                        7.34 kB │ gzip:  1.77 kB
node_modules/.nitro/vite/services/ssr/assets/users-BL_1MZnh.js                        7.56 kB │ gzip:  2.28 kB
node_modules/.nitro/vite/services/ssr/assets/security-CZ9WK0RI.js                     7.58 kB │ gzip:  2.01 kB
node_modules/.nitro/vite/services/ssr/assets/lead._id-br4X4YnN.js                     7.76 kB │ gzip:  2.31 kB
node_modules/.nitro/vite/services/ssr/assets/3-BAABgV57.js                            7.93 kB │ gzip:  2.48 kB
node_modules/.nitro/vite/services/ssr/assets/jobs-CZaMmEgU.js                         8.14 kB │ gzip:  2.51 kB
node_modules/.nitro/vite/services/ssr/assets/5-DP2ymOSd.js                            8.61 kB │ gzip:  2.36 kB
node_modules/.nitro/vite/services/ssr/assets/finance-rd6YHIZi.js                      9.15 kB │ gzip:  2.44 kB
node_modules/.nitro/vite/services/ssr/assets/checkin-hQWQUZ7w.js                      9.30 kB │ gzip:  2.65 kB
node_modules/.nitro/vite/services/ssr/assets/1-AMsK3AN3.js                            9.91 kB │ gzip:  2.53 kB
node_modules/.nitro/vite/services/ssr/assets/orders-Bf8oHPfl.js                      11.27 kB │ gzip:  3.24 kB
node_modules/.nitro/vite/services/ssr/assets/customer._id-WyN5UfaO.js                11.40 kB │ gzip:  2.76 kB
node_modules/.nitro/vite/services/ssr/assets/queries-CJHjLVY0.js                     12.38 kB │ gzip:  2.16 kB
node_modules/.nitro/vite/services/ssr/assets/order._id-DrwXVHA8.js                   13.86 kB │ gzip:  3.29 kB
node_modules/.nitro/vite/services/ssr/assets/routes-CbYgq_8M.js                      16.72 kB │ gzip:  4.06 kB
node_modules/.nitro/vite/services/ssr/assets/customers-Rni8dv1H.js                   17.50 kB │ gzip:  4.25 kB
node_modules/.nitro/vite/services/ssr/assets/appointments-C3H5p8Xz.js                23.54 kB │ gzip:  5.76 kB
node_modules/.nitro/vite/services/ssr/assets/inventory-C39QqMMH.js                   23.71 kB │ gzip:  4.55 kB
node_modules/.nitro/vite/services/ssr/assets/parts-D1-KYPOs.js                       26.27 kB │ gzip:  6.13 kB
node_modules/.nitro/vite/services/ssr/assets/router-BEKIo_ic.js                      38.33 kB │ gzip:  8.71 kB
node_modules/.nitro/vite/services/ssr/assets/job._id-Bvr-q_Xd.js                     44.76 kB │ gzip:  7.87 kB
node_modules/.nitro/vite/services/ssr/index.js                                       59.45 kB │ gzip: 15.25 kB

✓ built in 2.29s

[nitro] ◐ Building [Nitro] (preset: node-server, compatibility: 2026-08-26)
[nitro] ✔ Generated public .output/public
vite v8.0.16 building nitro environment for production...
[2Ktransforming...✓ 286 modules transformed.
rendering chunks...
computing gzip size...
.output/server/_ssr/start-5Z2QO8AU.mjs                             0.14 kB │ gzip:   0.13 kB
.output/server/_ssr/empty-plugin-adapters-D9UWiqvJ.mjs             0.23 kB │ gzip:   0.16 kB
.output/server/_ssr/utils-OyjWw23L.mjs                             0.28 kB │ gzip:   0.21 kB
.output/server/_ssr/auth-BHeVgavJ.mjs                              0.37 kB │ gzip:   0.25 kB
.output/server/_ssr/job._id-CtDNVrZU.mjs                           0.39 kB │ gzip:   0.26 kB
.output/server/_ssr/lead._id-y8g9Wdyc.mjs                          0.39 kB │ gzip:   0.26 kB
.output/server/_ssr/order._id-CKHaZ5eh.mjs                         0.40 kB │ gzip:   0.26 kB
.output/server/_ssr/customer._id-BIQ5llbI.mjs                      0.41 kB │ gzip:   0.27 kB
.output/server/_ssr/status-ui-BXxbBuPv.mjs                         0.43 kB │ gzip:   0.28 kB
.output/server/_ssr/jobs-RTTbVK7N.mjs                              0.44 kB │ gzip:   0.30 kB
.output/server/_ssr/leads-DnVHEMth.mjs                             0.44 kB │ gzip:   0.30 kB
.output/server/_ssr/inventory-B97QxPCb.mjs                         0.46 kB │ gzip:   0.30 kB
.output/server/_ssr/customers-C1eDnqAK.mjs                         0.46 kB │ gzip:   0.30 kB
.output/server/_ssr/format-Kc-5lS8-.mjs                            0.51 kB │ gzip:   0.29 kB
.output/server/_ssr/Loader-D3EQcPVE.mjs                            0.52 kB │ gzip:   0.33 kB
.output/server/_ssr/label-DME9KlGP.mjs                             0.53 kB │ gzip:   0.35 kB
.output/server/_ssr/api-GMNQoNoA.mjs                               0.53 kB │ gzip:   0.35 kB
.output/server/_ssr/input-CX870fQe.mjs                             0.72 kB │ gzip:   0.45 kB
.output/server/_ssr/parts-kdNzrOoe.mjs                             0.72 kB │ gzip:   0.40 kB
.output/server/_ssr/textarea-CrQHCH19.mjs                          0.73 kB │ gzip:   0.45 kB
.output/server/_libs/convex.mjs                                    0.76 kB │ gzip:   0.43 kB
.output/server/_chunks/ssr-renderer.mjs                            0.93 kB │ gzip:   0.48 kB
.output/server/_ssr/enums-DlrHud5O.mjs                             0.96 kB │ gzip:   0.46 kB
.output/server/_ssr/select-C2WL5YhB.mjs                            1.06 kB │ gzip:   0.59 kB
.output/server/_ssr/card-DIXlT7Xg.mjs                              1.06 kB │ gzip:   0.43 kB
.output/server/_ssr/Avatar-nFAbCTVu.mjs                            1.08 kB │ gzip:   0.66 kB
.output/server/_runtime.mjs                                        1.25 kB │ gzip:   0.62 kB
.output/server/_ssr/badge-sf2TMpr9.mjs                             1.45 kB │ gzip:   0.71 kB
.output/server/_ssr/button-Ybh41ULA.mjs                            1.47 kB │ gzip:   0.75 kB
.output/server/_ssr/table-DM7va4oR.mjs                             1.66 kB │ gzip:   0.57 kB
.output/server/_libs/ufo.mjs                                       2.19 kB │ gzip:   0.71 kB
.output/server/_ssr/verify-2fa-Dbv2Qdyw.mjs                        2.84 kB │ gzip:   1.12 kB
.output/server/_libs/goober.mjs                                    3.04 kB │ gzip:   1.44 kB
.output/server/_libs/class-variance-authority+clsx.mjs             3.16 kB │ gzip:   1.24 kB
.output/server/_ssr/change-password-Cpahcm1s.mjs                   4.15 kB │ gzip:   1.29 kB
.output/server/_libs/h3-rules.mjs                                  4.19 kB │ gzip:   1.38 kB
.output/server/_libs/@tanstack/react-router-ssr-query+[...].mjs    4.34 kB │ gzip:   1.34 kB
.output/server/_ssr/vehicles-DRJ7kHoT.mjs                          4.35 kB │ gzip:   1.21 kB
.output/server/_ssr/reset-password-CxIMe9sr.mjs                    4.88 kB │ gzip:   1.42 kB
.output/server/_tanstack-start-manifest_v-DKoIVlrN.mjs             6.63 kB │ gzip:   1.28 kB
.output/server/_ssr/orders-CnqYXBPL.mjs                            6.81 kB │ gzip:   2.02 kB
.output/server/_ssr/4-DjNnu9iO.mjs                                 6.86 kB │ gzip:   1.73 kB
.output/server/_libs/tanstack__react-query.mjs                     7.29 kB │ gzip:   1.91 kB
.output/server/_ssr/login-BDuQ2bw9.mjs                             7.39 kB │ gzip:   1.75 kB
.output/server/_ssr/2-Mw6F_kuJ.mjs                                 8.54 kB │ gzip:   2.11 kB
.output/server/_ssr/leads-D_8J8LId.mjs                             8.85 kB │ gzip:   2.43 kB
.output/server/_ssr/security-CZ9WK0RI.mjs                          8.85 kB │ gzip:   2.13 kB
.output/server/_ssr/users-BL_1MZnh.mjs                             8.94 kB │ gzip:   2.42 kB
.output/server/_ssr/3-BAABgV57.mjs                                 9.05 kB │ gzip:   2.55 kB
.output/server/_ssr/lead._id-br4X4YnN.mjs                          9.18 kB │ gzip:   2.43 kB
.output/server/_ssr/icons-4ZXW6wfA.mjs                             9.40 kB │ gzip:   1.87 kB
.output/server/_ssr/jobs-CZaMmEgU.mjs                              9.54 kB │ gzip:   2.64 kB
.output/server/_libs/h3-v2+rou3.mjs                                9.81 kB │ gzip:   3.04 kB
.output/server/_ssr/5-DP2ymOSd.mjs                                 9.89 kB │ gzip:   2.44 kB
.output/server/_ssr/checkin-hQWQUZ7w.mjs                          10.79 kB │ gzip:   2.78 kB
.output/server/_ssr/finance-rd6YHIZi.mjs                          10.88 kB │ gzip:   2.57 kB
.output/server/_ssr/1-AMsK3AN3.mjs                                11.39 kB │ gzip:   2.61 kB
.output/server/_libs/tanstack__history.mjs                        12.08 kB │ gzip:   3.47 kB
.output/server/_ssr/queries-CJHjLVY0.mjs                          12.32 kB │ gzip:   2.21 kB
.output/server/_libs/react-hot-toast.mjs                          12.71 kB │ gzip:   4.26 kB
.output/server/_ssr/orders-Bf8oHPfl.mjs                           13.14 kB │ gzip:   3.37 kB
.output/server/_ssr/customer._id-WyN5UfaO.mjs                     13.72 kB │ gzip:   2.87 kB
.output/server/_libs/@convex-dev/react-query+[...].mjs            15.95 kB │ gzip:   4.81 kB
.output/server/_ssr/order._id-DrwXVHA8.mjs                        16.24 kB │ gzip:   3.44 kB
.output/server/index.mjs                                          18.40 kB │ gzip:   5.32 kB
.output/server/_ssr/routes-CbYgq_8M.mjs                           19.17 kB │ gzip:   4.17 kB
.output/server/_ssr/customers-Rni8dv1H.mjs                        20.47 kB │ gzip:   4.39 kB
.output/server/_ssr/appointments-C3H5p8Xz.mjs                     26.60 kB │ gzip:   5.92 kB
.output/server/_ssr/inventory-C39QqMMH.mjs                        27.96 kB │ gzip:   4.71 kB
.output/server/_ssr/parts-D1-KYPOs.mjs                            30.27 kB │ gzip:   6.30 kB
.output/server/_ssr/router-BEKIo_ic.mjs                           40.48 kB │ gzip:   8.72 kB
.output/server/_libs/h3+rou3+srvx.mjs                             47.73 kB │ gzip:  12.89 kB
.output/server/_ssr/job._id-Bvr-q_Xd.mjs                          52.44 kB │ gzip:   8.10 kB
.output/server/_ssr/ssr.mjs                                       57.30 kB │ gzip:  14.99 kB
.output/server/_libs/tanstack__query-core.mjs                     62.44 kB │ gzip:  12.89 kB
.output/server/_libs/@tanstack/router-core+[...].mjs              79.68 kB │ gzip:  20.09 kB
.output/server/_libs/tailwind-merge.mjs                           88.12 kB │ gzip:  15.66 kB
.output/server/_libs/@convex-dev/auth+[...].mjs                  171.98 kB │ gzip:  39.30 kB
.output/server/_libs/@tanstack/react-router+[...].mjs            670.31 kB │ gzip: 140.72 kB

✓ built in 1.21s
ℹ Generated .output/nitro.json

[nitro] ✔ You can preview this build using npx vite preview
